TURN visual evidence directory: /tmp/flux63-code-first
#0 building with "default" instance using docker driver

#1 [internal] load build definition from Dockerfile
#1 transferring dockerfile: 2.81kB done
#1 DONE 0.1s

#2 [internal] load metadata for mcr.microsoft.com/playwright:v1.63.0-noble@sha256:eff16c30e6f3f4af0a03fa4b706120d5e9b0891c344a27d64559aff5900a4a27
#2 DONE 0.0s

#3 [internal] load metadata for docker.io/library/node@sha256:ebfe2f90462722a7a4de65e91990e97fe0d401c70e0e762c5b53302f905ec1c1
#3 DONE 0.0s

#4 [internal] load .dockerignore
#4 transferring context: 185B done
#4 DONE 0.1s

#5 [build 1/6] FROM docker.io/library/node@sha256:ebfe2f90462722a7a4de65e91990e97fe0d401c70e0e762c5b53302f905ec1c1
#5 DONE 0.0s

#6 [e2e 1/3] FROM mcr.microsoft.com/playwright:v1.63.0-noble@sha256:eff16c30e6f3f4af0a03fa4b706120d5e9b0891c344a27d64559aff5900a4a27
#6 DONE 0.0s

#7 [internal] load build context
#7 transferring context: 58.04MB 0.2s done
#7 DONE 0.2s

#8 [build 2/6] WORKDIR /app
#8 CACHED

#9 [build 3/6] RUN corepack enable && corepack install -g pnpm@12.6.0
#9 CACHED

#10 [build 4/6] COPY . .
#10 DONE 0.6s

#11 [build 5/6] RUN pnpm install --frozen-lockfile
#11 0.422 Downloading the pnpm 12.6.0 binary for linux-x64...
#11 3.297 Scope: all 10 workspace projects
#11 3.319 ? Verifying lockfile against supply-chain policies (482 entries)...
#11 3.657 Packages are hard linked from the content-addressable store to the virtual store.
#11 3.657   Content-addressable store is at: /root/.local/share/pnpm/store/v11
#11 3.657   Virtual store is at:             node_modules/.pnpm
#11 3.917 Update available! 12.6.0 → 12.8.1.
#11 3.917 Changelog: https://pnpm.io/v/12.8.1
#11 3.917 To update, run: curl -fsSL https://get.pnpm.io/install.sh | sh -
#11 4.929 Progress: resolved 411, reused 0, downloaded 153, added 128
#11 5.058 [WARN] Tarball download average speed 15 KiB/s (size 23 KiB) is below 50 KiB/s: https://registry.npmjs.org/picomatch/-/picomatch-4.0.7.tgz (GET)
#11 5.595 [WARN] Tarball download average speed 15 KiB/s (size 34 KiB) is below 50 KiB/s: https://registry.npmjs.org/source-map-js/-/source-map-js-1.2.1.tgz (GET)
#11 5.845 [WARN] Tarball download average speed 5 KiB/s (size 7 KiB) is below 50 KiB/s: https://registry.npmjs.org/agent-base/-/agent-base-7.1.4.tgz (GET)
#11 5.870 [WARN] Tarball download average speed 10 KiB/s (size 18 KiB) is below 50 KiB/s: https://registry.npmjs.org/browserslist/-/browserslist-4.29.1.tgz (GET)
#11 6.246 [WARN] Tarball download average speed 24 KiB/s (size 35 KiB) is below 50 KiB/s: https://registry.npmjs.org/linkify-it/-/linkify-it-6.1.0.tgz (GET)
#11 6.619 [WARN] Tarball download average speed 7 KiB/s (size 13 KiB) is below 50 KiB/s: https://registry.npmjs.org/@better-auth/cimd/-/cimd-1.7.6.tgz (GET)
#11 7.628 Progress: resolved 411, reused 0, downloaded 316, added 288
#11 7.721 [WARN] Tarball download average speed 2 KiB/s (size 4 KiB) is below 50 KiB/s: https://registry.npmjs.org/@standard-schema/spec/-/spec-1.1.0.tgz (GET)
#11 8.218 Downloading @rolldown/binding-linux-x64-musl@1.2.11: 0.00 B/7.92 MB
#11 8.220 [WARN] Tarball download average speed 2 KiB/s (size 12 KiB) is below 50 KiB/s: https://registry.npmjs.org/domhandler/-/domhandler-5.0.3.tgz (GET)
#11 8.558 [WARN] Tarball download average speed 4 KiB/s (size 15 KiB) is below 50 KiB/s: https://registry.npmjs.org/minimist/-/minimist-1.2.8.tgz (GET)
#11 9.697 Progress: resolved 411, reused 0, downloaded 398, added 384
#11 9.710 [WARN] Tarball download average speed 6 KiB/s (size 7 KiB) is below 50 KiB/s: https://registry.npmjs.org/punycode.js/-/punycode.js-2.3.1.tgz (GET)
#11 10.75 Progress: resolved 411, reused 0, downloaded 405, added 384
#11 11.76 Progress: resolved 411, reused 0, downloaded 408, added 384
#11 13.20 Progress: resolved 411, reused 0, downloaded 411, added 384
#11 29.57 [WARN] Request took 20969ms: https://registry.npmjs.org/eslint-plugin-react-hooks
#11 45.05 [WARN] Request took 37699ms: https://registry.npmjs.org/react-dom
#11 45.10 ✓ Lockfile passes supply-chain policies (482 entries in 41.8s)
#11 45.10 Lockfile is up to date, resolution step is skipped
#11 45.11 Packages: +411
#11 45.11 ++++++++++++++++++++++++++++++++++++++++++++++++++++++++++++++++++++++++++++++++
#11 45.15 Progress: resolved 411, reused 0, downloaded 411, added 411, done
#11 45.15 .../esbuild@0.18.20/node_modules/esbuild postinstall$ node install.js
#11 45.15 .../esbuild@0.25.12/node_modules/esbuild postinstall$ node install.js
#11 45.20 .../esbuild@0.18.20/node_modules/esbuild postinstall: Done
#11 45.20 .../esbuild@0.25.12/node_modules/esbuild postinstall: Done
#11 45.33 
#11 45.33 dependencies:
#11 45.33 + @flux/contracts link:packages/contracts
#11 45.33 + @flux/core link:packages/core
#11 45.33 + @flux/db link:packages/db
#11 45.33 + pg-boss 12.35.0
#11 45.33 
#11 45.33 devDependencies:
#11 45.33 + @eslint/js 9.37.0
#11 45.33 + @types/node 24.6.2
#11 45.33 + @types/nodemailer 8.0.2
#11 45.33 + @types/pg 8.15.5
#11 45.33 + @types/sanitize-html 2.16.1
#11 45.33 + @types/ws 8.18.1
#11 45.33 + drizzle-orm 0.45.3
#11 45.33 + eslint 9.37.0
#11 45.33 + eslint-plugin-react-hooks 7.1.1
#11 45.33 + fastify 5.6.1
#11 45.33 + playwright 1.63.0
#11 45.33 + tsx 4.20.5
#11 45.33 + typescript 5.9.2
#11 45.33 + typescript-eslint 8.44.1
#11 45.33 + ws 8.22.0
#11 45.33 
#11 45.35 Done in 42.1s using pnpm v12.6.0
#11 DONE 45.7s

#12 [build 6/6] RUN pnpm build && pnpm typecheck && pnpm lint
#12 0.445 $ pnpm -r --if-present build && tsc -p infra/tsconfig.build.json
#12 0.525 packages/contracts build$ tsc -p tsconfig.build.json
#12 1.978 packages/contracts build: Done
#12 1.978 packages/db build$ tsc -p tsconfig.build.json
#12 1.978 apps/web build$ vite build
#12 1.979 packages/sdk build$ tsc -p tsconfig.build.json
#12 2.153 apps/web build: vite v8.3.1 building client environment for production...
#12 2.165 apps/web build: transforming...
#12 2.505 apps/web build: ✓ 248 modules transformed.
#12 2.672 apps/web build: rendering chunks...
#12 2.829 apps/web build: computing gzip size...
#12 2.836 apps/web build: dist/index.html                                              1.21 kB │ gzip:   0.53 kB
#12 2.836 apps/web build: dist/sw.js                                                   6.70 kB
#12 2.836 apps/web build: dist/assets/inter-vietnamese-wght-normal-CBcvBZtf.woff2     10.25 kB
#12 2.836 apps/web build: dist/assets/inter-greek-ext-wght-normal-DlzME5K_.woff2      11.23 kB
#12 2.836 apps/web build: dist/assets/inter-cyrillic-wght-normal-DqGufNeO.woff2       18.74 kB
#12 2.836 apps/web build: dist/assets/inter-greek-wght-normal-CkhJZR-_.woff2          18.99 kB
#12 2.836 apps/web build: dist/assets/inter-cyrillic-ext-wght-normal-BOeWTOD4.woff2   25.96 kB
#12 2.836 apps/web build: dist/assets/inter-latin-wght-normal-Dx4kXJAl.woff2          48.25 kB
#12 2.836 apps/web build: dist/assets/inter-latin-ext-wght-normal-DO1Apj_S.woff2      85.06 kB
#12 2.836 apps/web build: dist/assets/index-BHattIdx.css                             150.11 kB │ gzip:  26.62 kB
#12 2.836 apps/web build: dist/assets/media-CAj4b0BU.js                              419.65 kB │ gzip: 108.68 kB
#12 2.836 apps/web build: dist/assets/index-D0rG7L1K.js                              732.95 kB │ gzip: 217.21 kB
#12 2.836 apps/web build: 
#12 2.836 apps/web build: [33m[MODULE_LEVEL_DIRECTIVE] [0mThe semantics of the module level directive "use client" in "../../node_modules/.pnpm/react-router@8.4.0_react-dom@19.3.0_react@19.3.0__react@19.3.0/node_modules/react-router/dist/production/index.js" may not be preserved when bundling.
#12 2.836 apps/web build:     [38;5;246m╭[0m[38;5;246m─[0m[38;5;246m[[0m ../../node_modules/.pnpm/react-router@8.4.0_react-dom@19.3.0_react@19.3.0__react@19.3.0/node_modules/react-router/dist/production/index.js:11:1 [38;5;246m][0m
#12 2.836 apps/web build:     [38;5;246m│[0m
#12 2.836 apps/web build:  [38;5;246m11 │[0m "use client";
#12 2.836 apps/web build:  [38;5;240m   │[0m ──────┬──────  
#12 2.836 apps/web build:  [38;5;240m   │[0m       ╰──────── module level directive may not be preserved
#12 2.836 apps/web build:  [38;5;240m   │[0m 
#12 2.836 apps/web build:  [38;5;240m   │[0m [38;5;115mHelp[0m: For more information, see https://rolldown.rs/in-depth/directives#other-directives
#12 2.836 apps/web build: [38;5;246m────╯[0m
#12 2.836 apps/web build: 
#12 2.836 apps/web build: [plugin builtin:vite-reporter] 
#12 2.836 apps/web build: (!) Some chunks are larger than 500 kB after minification. Consider:
#12 2.836 apps/web build: - Using dynamic import() to code-split the application
#12 2.836 apps/web build: - Use build.rolldownOptions.output.codeSplitting to improve chunking: https://rolldown.rs/reference/OutputOptions.codeSplitting
#12 2.836 apps/web build: - Adjust chunk size limit for this warning via build.chunkSizeWarningLimit.
#12 2.837 apps/web build: ✓ built in 683ms
#12 2.868 apps/web build: Done
#12 3.662 packages/sdk build: Done
#12 4.610 packages/db build: Done
#12 4.610 packages/core build$ tsc -p tsconfig.build.json
#12 6.482 packages/core build: Done
#12 6.482 apps/server build$ tsc -p tsconfig.build.json
#12 6.482 packages/agent-runtime build$ tsc -p tsconfig.build.json
#12 7.455 packages/agent-runtime build: Done
#12 7.455 apps/worker build$ tsc -p tsconfig.build.json
#12 8.446 apps/worker build: Done
#12 9.379 apps/server build: Done
#12 10.24 $ tsc --noEmit -p tsconfig.json && tsc --noEmit -p apps/web/tsconfig.json
#12 15.21 tests/app/e2e/live-code-quality.e2e.ts(39,15): error TS2352: Conversion of type 'Window & typeof globalThis' to type 'CodeWindow' may be a mistake because neither type sufficiently overlaps with the other. If this was intentional, convert the expression to 'unknown' first.
#12 15.21   Type 'Window & typeof globalThis' is missing the following properties from type '{ drawCodeSource: (canvas: HTMLCanvasElement, frame: number, share: number) => void; fluxRoom: { localParticipant: { publishTrack(track: MediaStreamTrack, options: Record<...>): Promise<...>; }; remoteParticipants: Map<...>; }; ... 4 more ...; frameEvents: Record<...>; }': drawCodeSource, fluxRoom, sourceTimes, sourceFrame, and 2 more.
#12 15.21 tests/app/e2e/live-code-quality.e2e.ts(66,15): error TS2352: Conversion of type 'Window & typeof globalThis' to type 'CodeWindow' may be a mistake because neither type sufficiently overlaps with the other. If this was intentional, convert the expression to 'unknown' first.
#12 15.21   Type 'Window & typeof globalThis' is missing the following properties from type '{ drawCodeSource: (canvas: HTMLCanvasElement, frame: number, share: number) => void; fluxRoom: { localParticipant: { publishTrack(track: MediaStreamTrack, options: Record<...>): Promise<...>; }; remoteParticipants: Map<...>; }; ... 4 more ...; frameEvents: Record<...>; }': drawCodeSource, fluxRoom, sourceTimes, sourceFrame, and 2 more.
#12 15.21 tests/app/e2e/live-code-quality.e2e.ts(83,19): error TS2352: Conversion of type 'Window & typeof globalThis' to type 'CodeWindow' may be a mistake because neither type sufficiently overlaps with the other. If this was intentional, convert the expression to 'unknown' first.
#12 15.21   Type 'Window & typeof globalThis' is missing the following properties from type '{ drawCodeSource: (canvas: HTMLCanvasElement, frame: number, share: number) => void; fluxRoom: { localParticipant: { publishTrack(track: MediaStreamTrack, options: Record<...>): Promise<...>; }; remoteParticipants: Map<...>; }; ... 4 more ...; frameEvents: Record<...>; }': drawCodeSource, fluxRoom, sourceTimes, sourceFrame, and 2 more.
#12 15.21 tests/app/e2e/live-code-quality.e2e.ts(89,15): error TS2352: Conversion of type 'Window & typeof globalThis' to type 'CodeWindow' may be a mistake because neither type sufficiently overlaps with the other. If this was intentional, convert the expression to 'unknown' first.
#12 15.21   Type 'Window & typeof globalThis' is missing the following properties from type '{ drawCodeSource: (canvas: HTMLCanvasElement, frame: number, share: number) => void; fluxRoom: { localParticipant: { publishTrack(track: MediaStreamTrack, options: Record<...>): Promise<...>; }; remoteParticipants: Map<...>; }; ... 4 more ...; frameEvents: Record<...>; }': drawCodeSource, fluxRoom, sourceTimes, sourceFrame, and 2 more.
#12 15.21 tests/app/e2e/live-code-quality.e2e.ts(111,55): error TS2322: Type 'number | undefined' is not assignable to type 'number'.
#12 15.21   Type 'undefined' is not assignable to type 'number'.
#12 15.21 tests/app/e2e/live-code-quality.e2e.ts(120,15): error TS2352: Conversion of type 'Window & typeof globalThis' to type 'CodeWindow' may be a mistake because neither type sufficiently overlaps with the other. If this was intentional, convert the expression to 'unknown' first.
#12 15.21   Type 'Window & typeof globalThis' is missing the following properties from type '{ drawCodeSource: (canvas: HTMLCanvasElement, frame: number, share: number) => void; fluxRoom: { localParticipant: { publishTrack(track: MediaStreamTrack, options: Record<...>): Promise<...>; }; remoteParticipants: Map<...>; }; ... 4 more ...; frameEvents: Record<...>; }': drawCodeSource, fluxRoom, sourceTimes, sourceFrame, and 2 more.
#12 15.21 tests/app/e2e/live-code-quality.e2e.ts(127,15): error TS2352: Conversion of type 'Window & typeof globalThis' to type 'CodeWindow' may be a mistake because neither type sufficiently overlaps with the other. If this was intentional, convert the expression to 'unknown' first.
#12 15.21   Type 'Window & typeof globalThis' is missing the following properties from type '{ drawCodeSource: (canvas: HTMLCanvasElement, frame: number, share: number) => void; fluxRoom: { localParticipant: { publishTrack(track: MediaStreamTrack, options: Record<...>): Promise<...>; }; remoteParticipants: Map<...>; }; ... 4 more ...; frameEvents: Record<...>; }': drawCodeSource, fluxRoom, sourceTimes, sourceFrame, and 2 more.
#12 15.21 tests/app/e2e/live-code-quality.e2e.ts(242,83): error TS2352: Conversion of type 'Window & typeof globalThis' to type 'CodeWindow' may be a mistake because neither type sufficiently overlaps with the other. If this was intentional, convert the expression to 'unknown' first.
#12 15.21   Type 'Window & typeof globalThis' is missing the following properties from type '{ drawCodeSource: (canvas: HTMLCanvasElement, frame: number, share: number) => void; fluxRoom: { localParticipant: { publishTrack(track: MediaStreamTrack, options: Record<...>): Promise<...>; }; remoteParticipants: Map<...>; }; ... 4 more ...; frameEvents: Record<...>; }': drawCodeSource, fluxRoom, sourceTimes, sourceFrame, and 2 more.
#12 15.21 tests/app/e2e/live-code-quality.e2e.ts(244,47): error TS2352: Conversion of type 'Window & typeof globalThis' to type 'CodeWindow' may be a mistake because neither type sufficiently overlaps with the other. If this was intentional, convert the expression to 'unknown' first.
#12 15.21   Type 'Window & typeof globalThis' is missing the following properties from type '{ drawCodeSource: (canvas: HTMLCanvasElement, frame: number, share: number) => void; fluxRoom: { localParticipant: { publishTrack(track: MediaStreamTrack, options: Record<...>): Promise<...>; }; remoteParticipants: Map<...>; }; ... 4 more ...; frameEvents: Record<...>; }': drawCodeSource, fluxRoom, sourceTimes, sourceFrame, and 2 more.
#12 15.29 [ELIFECYCLE] Command failed with exit code 2.
#12 ERROR: process "/bin/sh -c pnpm build && pnpm typecheck && pnpm lint" did not complete successfully: exit code: 2
------
 > [build 6/6] RUN pnpm build && pnpm typecheck && pnpm lint:
15.21   Type 'undefined' is not assignable to type 'number'.
15.21 tests/app/e2e/live-code-quality.e2e.ts(120,15): error TS2352: Conversion of type 'Window & typeof globalThis' to type 'CodeWindow' may be a mistake because neither type sufficiently overlaps with the other. If this was intentional, convert the expression to 'unknown' first.
15.21   Type 'Window & typeof globalThis' is missing the following properties from type '{ drawCodeSource: (canvas: HTMLCanvasElement, frame: number, share: number) => void; fluxRoom: { localParticipant: { publishTrack(track: MediaStreamTrack, options: Record<...>): Promise<...>; }; remoteParticipants: Map<...>; }; ... 4 more ...; frameEvents: Record<...>; }': drawCodeSource, fluxRoom, sourceTimes, sourceFrame, and 2 more.
15.21 tests/app/e2e/live-code-quality.e2e.ts(127,15): error TS2352: Conversion of type 'Window & typeof globalThis' to type 'CodeWindow' may be a mistake because neither type sufficiently overlaps with the other. If this was intentional, convert the expression to 'unknown' first.
15.21   Type 'Window & typeof globalThis' is missing the following properties from type '{ drawCodeSource: (canvas: HTMLCanvasElement, frame: number, share: number) => void; fluxRoom: { localParticipant: { publishTrack(track: MediaStreamTrack, options: Record<...>): Promise<...>; }; remoteParticipants: Map<...>; }; ... 4 more ...; frameEvents: Record<...>; }': drawCodeSource, fluxRoom, sourceTimes, sourceFrame, and 2 more.
15.21 tests/app/e2e/live-code-quality.e2e.ts(242,83): error TS2352: Conversion of type 'Window & typeof globalThis' to type 'CodeWindow' may be a mistake because neither type sufficiently overlaps with the other. If this was intentional, convert the expression to 'unknown' first.
15.21   Type 'Window & typeof globalThis' is missing the following properties from type '{ drawCodeSource: (canvas: HTMLCanvasElement, frame: number, share: number) => void; fluxRoom: { localParticipant: { publishTrack(track: MediaStreamTrack, options: Record<...>): Promise<...>; }; remoteParticipants: Map<...>; }; ... 4 more ...; frameEvents: Record<...>; }': drawCodeSource, fluxRoom, sourceTimes, sourceFrame, and 2 more.
15.21 tests/app/e2e/live-code-quality.e2e.ts(244,47): error TS2352: Conversion of type 'Window & typeof globalThis' to type 'CodeWindow' may be a mistake because neither type sufficiently overlaps with the other. If this was intentional, convert the expression to 'unknown' first.
15.21   Type 'Window & typeof globalThis' is missing the following properties from type '{ drawCodeSource: (canvas: HTMLCanvasElement, frame: number, share: number) => void; fluxRoom: { localParticipant: { publishTrack(track: MediaStreamTrack, options: Record<...>): Promise<...>; }; remoteParticipants: Map<...>; }; ... 4 more ...; frameEvents: Record<...>; }': drawCodeSource, fluxRoom, sourceTimes, sourceFrame, and 2 more.
15.29 [ELIFECYCLE] Command failed with exit code 2.
------
Dockerfile:6
--------------------
   4 |     COPY . .
   5 |     RUN pnpm install --frozen-lockfile
   6 | >>> RUN pnpm build && pnpm typecheck && pnpm lint
   7 |     
   8 |     FROM build AS test
--------------------
ERROR: failed to build: failed to solve: process "/bin/sh -c pnpm build && pnpm typecheck && pnpm lint" did not complete successfully: exit code: 2
