TURN visual evidence directory: /tmp/flux63-legacy-bc02
 Network flux-live-turn-1790766575-848624_default Creating 
 Network flux-live-turn-1790766575-848624_default Created 
 Network flux-live-turn-1790766575-848624_livekit-media Creating 
 Network flux-live-turn-1790766575-848624_livekit-media Created 
 Network flux-live-turn-1790766575-848624_livekit-signal Creating 
 Network flux-live-turn-1790766575-848624_livekit-signal Created 
 Volume flux-live-turn-1790766575-848624_pgdata Creating 
 Volume flux-live-turn-1790766575-848624_pgdata Created 
 Volume flux-live-turn-1790766575-848624_files Creating 
 Volume flux-live-turn-1790766575-848624_files Created 
 Container flux-live-turn-1790766575-848624-livekit-1 Creating 
 Container flux-live-turn-1790766575-848624-db-1 Creating 
 Container flux-live-turn-1790766575-848624-livekit-1 Created 
 Container flux-live-turn-1790766575-848624-db-1 Created 
 Container flux-live-turn-1790766575-848624-migrate-1 Creating 
 Container flux-live-turn-1790766575-848624-migrate-1 Created 
 Container flux-live-turn-1790766575-848624-api-1 Creating 
time="2026-09-30T13:09:36+02:00" level=warning msg="mount of type `volume` should not define `bind` option"
 Container flux-live-turn-1790766575-848624-api-1 Created 
 Container flux-live-turn-1790766575-848624-livekit-1 Starting 
 Container flux-live-turn-1790766575-848624-db-1 Starting 
 Container flux-live-turn-1790766575-848624-db-1 Started 
 Container flux-live-turn-1790766575-848624-db-1 Waiting 
 Container flux-live-turn-1790766575-848624-livekit-1 Started 
 Container flux-live-turn-1790766575-848624-db-1 Healthy 
 Container flux-live-turn-1790766575-848624-migrate-1 Starting 
 Container flux-live-turn-1790766575-848624-migrate-1 Started 
 Container flux-live-turn-1790766575-848624-migrate-1 Waiting 
 Container flux-live-turn-1790766575-848624-livekit-1 Waiting 
 Container flux-live-turn-1790766575-848624-livekit-1 Healthy 
 Container flux-live-turn-1790766575-848624-migrate-1 Exited 
 Container flux-live-turn-1790766575-848624-api-1 Starting 
 Container flux-live-turn-1790766575-848624-api-1 Started 
 Container flux-live-turn-1790766575-848624-livekit-1 Waiting 
 Container flux-live-turn-1790766575-848624-api-1 Waiting 
 Container flux-live-turn-1790766575-848624-migrate-1 Waiting 
 Container flux-live-turn-1790766575-848624-db-1 Waiting 
 Container flux-live-turn-1790766575-848624-migrate-1 Exited 
 Container flux-live-turn-1790766575-848624-livekit-1 Healthy 
 Container flux-live-turn-1790766575-848624-db-1 Healthy 
 Container flux-live-turn-1790766575-848624-api-1 Healthy 
 Container flux-live-turn-1790766575-848624-db-1 Running 
 Container flux-live-turn-1790766575-848624-livekit-1 Running 
 Container flux-live-turn-1790766575-848624-api-1 Running 
 Container flux-live-turn-1790766575-848624-db-1 Waiting 
 Container flux-live-turn-1790766575-848624-db-1 Healthy 
 Container flux-live-turn-1790766575-848624-migrate-1 Starting 
 Container flux-live-turn-1790766575-848624-migrate-1 Started 
 Container flux-live-turn-1790766575-848624-migrate-1 Waiting 
 Container flux-live-turn-1790766575-848624-livekit-1 Waiting 
 Container flux-live-turn-1790766575-848624-livekit-1 Healthy 
 Container flux-live-turn-1790766575-848624-migrate-1 Exited 
 Container flux-live-turn-1790766575-848624-livekit-1 Waiting 
 Container flux-live-turn-1790766575-848624-api-1 Waiting 
 Container flux-live-turn-1790766575-848624-livekit-1 Healthy 
 Container flux-live-turn-1790766575-848624-api-1 Healthy 
 Container flux-live-turn-1790766575-848624-live-sfu-test-run-28f858af53f6 Creating 
 Container flux-live-turn-1790766575-848624-live-sfu-test-run-28f858af53f6 Created 
rehash: warning: skipping ca-certificates.crt,it does not contain exactly one certificate or CRL
CONNECTION ESTABLISHED
Protocol version: TLSv1.3
Ciphersuite: TLS_AES_128_GCM_SHA256
Peer certificate: CN = turn.flux.test
Hash used: SHA256
Signature type: RSA-PSS
Verification: OK
Verified peername: turn.flux.test
Server Temp Key: X25519, 253 bits
DONE
{"ownerCandidates":[{"candidateType":"relay","protocol":"udp","relayProtocol":"tls","pairState":"succeeded","bytesSent":13756,"bytesReceived":1362}],"memberCandidates":[{"candidateType":"relay","protocol":"udp","relayProtocol":"tls","pairState":"succeeded","bytesSent":1310,"bytesReceived":4615}],"subscribedAudio":true,"receivedAudioPackets":true,"receivedVideo":true,"baseline":{"intervalMs":2005,"rttMs":0,"tracks":[{"id":"0:IT01A359793734","kind":"audio","packetsReceived":110,"packetsDelta":99,"lossPercent":0,"bitrateKbps":97.56807980049875,"jitterMs":2},{"id":"0:IT01V3780290148","kind":"video","packetsReceived":30,"packetsDelta":29,"lossPercent":0,"bitrateKbps":31.98403990024938,"fps":14.463840399002494,"framesDelta":29,"width":320,"height":180}]},"weak":{"intervalMs":1011,"rttMs":450,"tracks":[{"id":"0:IT01A359793734","kind":"audio","packetsReceived":139,"packetsDelta":29,"lossPercent":0,"bitrateKbps":56.68051434223541,"jitterMs":24},{"id":"0:IT01V3780290148","kind":"video","packetsReceived":39,"packetsDelta":9,"lossPercent":0,"bitrateKbps":41.9782393669634,"fps":7.9129574678536105,"framesDelta":8,"width":320,"height":180}]},"quality":{"status":"warning","warnings":["Network round trip 450 ms","Video receiving 7.9 fps"]},"betweenProfiles":{"intervalMs":1000,"rttMs":0,"tracks":[{"id":"0:IT01A359793734","kind":"audio","packetsReceived":263,"packetsDelta":50,"lossPercent":0,"bitrateKbps":98.8,"jitterMs":3},{"id":"0:IT01V3780290148","kind":"video","packetsReceived":70,"packetsDelta":15,"lossPercent":0,"bitrateKbps":33.728,"fps":16,"framesDelta":16,"width":320,"height":180}]},"lossy":{"intervalMs":5041,"rttMs":1016,"tracks":[{"id":"0:IT01A359793734","kind":"audio","packetsReceived":473,"packetsDelta":210,"lossPercent":0,"bitrateKbps":82.31700059512002,"jitterMs":26},{"id":"0:IT01V3780290148","kind":"video","packetsReceived":133,"packetsDelta":63,"lossPercent":0,"bitrateKbps":19.965879785756794,"fps":11.307280301527475,"framesDelta":57,"width":320,"height":180}]},"lossyQuality":{"status":"poor","warnings":["Network round trip 1016 ms"]},"netemOutboundDropped":54,"recovered":{"intervalMs":1000,"rttMs":0,"tracks":[{"id":"0:IT01A359793734","kind":"audio","packetsReceived":717,"packetsDelta":50,"lossPercent":0,"bitrateKbps":98.8,"jitterMs":2},{"id":"0:IT01V3780290148","kind":"video","packetsReceived":205,"packetsDelta":15,"lossPercent":0,"bitrateKbps":24.824,"fps":18,"framesDelta":18,"width":320,"height":180}]},"recoveryMs":4024,"recoveredCandidates":[{"candidateType":"relay","protocol":"udp","relayProtocol":"tls","pairState":"succeeded","bytesSent":4738,"bytesReceived":249011}],"fixedClientDelayMs":450,"configuredLossPercent":15,"variableDelayMs":[350,80],"blocked":["UDP to SFU","TCP/7881 direct ICE"],"participants":2}
✔ two authorized Chromium clients exchange media when UDP and direct ICE/TCP are blocked (15510.498729ms)
{"screenViewer":2,"sample":{"intervalMs":2000,"rttMs":0,"tracks":[{"id":"0:IT01A2200993154","kind":"audio","packetsReceived":425,"packetsDelta":100,"lossPercent":0,"bitrateKbps":98.8,"jitterMs":0},{"id":"0:IT01V2004579557","kind":"video","packetsReceived":217,"packetsDelta":20,"lossPercent":0,"bitrateKbps":62.812,"fps":10,"framesDelta":20,"width":960,"height":540},{"id":"0:IT01V3729442388","kind":"video","packetsReceived":317,"packetsDelta":121,"lossPercent":0,"bitrateKbps":515.376,"fps":10,"framesDelta":20,"width":960,"height":540}]},"videos":[{"naturalWidth":960,"naturalHeight":540,"renderedWidth":960,"renderedHeight":540},{"naturalWidth":960,"naturalHeight":540,"renderedWidth":960,"renderedHeight":540}],"candidates":[{"candidateType":"relay","protocol":"udp","relayProtocol":"tls","pairState":"succeeded","bytesSent":3029,"bytesReceived":653363}]}
{"screenViewer":3,"sample":{"intervalMs":2000,"rttMs":0,"tracks":[{"id":"0:IT01A3425161619","kind":"audio","packetsReceived":533,"packetsDelta":100,"lossPercent":0,"bitrateKbps":98.8,"jitterMs":0},{"id":"0:IT01V2228350169","kind":"video","packetsReceived":239,"packetsDelta":20,"lossPercent":0,"bitrateKbps":62.152,"fps":10,"framesDelta":20,"width":960,"height":540},{"id":"0:IT01V353687662","kind":"video","packetsReceived":340,"packetsDelta":22,"lossPercent":0,"bitrateKbps":70.748,"fps":10,"framesDelta":20,"width":960,"height":540}]},"videos":[{"naturalWidth":960,"naturalHeight":540,"renderedWidth":960,"renderedHeight":540},{"naturalWidth":960,"naturalHeight":540,"renderedWidth":960,"renderedHeight":540}],"candidates":[{"candidateType":"relay","protocol":"udp","relayProtocol":"tls","pairState":"succeeded","bytesSent":3741,"bytesReceived":719826}]}
✔ four authorized clients receive two simultaneous code-sized screen tracks through TURN/TLS (16272.48745ms)
{"isolatedCapture":true,"screen":{"readyState":"live","settings":{"aspectRatio":1.6,"cursor":"never","deviceId":"screen:-3:0","displaySurface":"monitor","frameRate":30,"height":800,"logicalSurface":true,"resizeMode":"crop-and-scale","width":1280}},"devices":{"camera":{"aspectRatio":1.3333333333333333,"deviceId":"c9d1c37a2e82f1d4c863ec577cfeb3bea562f3f0929376f81cd44333623b6941","exposureMode":"manual","exposureTime":50,"focusDistance":50,"focusMode":"manual","frameRate":20,"groupId":"4628976e0bebcc8c0df2863ca50447be1417c9585239a51a9e3012c79ff12a73","height":480,"resizeMode":"none","width":640},"microphoneState":"live"},"publisherCandidates":[{"candidateType":"relay","protocol":"udp","relayProtocol":"tls","pairState":"succeeded","bytesSent":29757,"bytesReceived":1476}],"viewerCandidates":[{"candidateType":"relay","protocol":"udp","relayProtocol":"tls","pairState":"succeeded","bytesSent":1310,"bytesReceived":5274}],"physicalDevicesUsed":false,"display":"separate Xvfb display"}
✔ isolated headed Chromium publishes real display capture and virtual camera/mic through TURN/TLS (1874.220161ms)
ℹ tests 3
ℹ suites 0
ℹ pass 3
ℹ fail 0
ℹ cancelled 0
ℹ skipped 0
ℹ todo 0
ℹ duration_ms 34057.120542
✔ on-demand video row uses interval loss and decoded fps, not lifetime loss or configured fps (1.044633ms)
✔ missing, partial and reset reports cannot display invented zero loss/gaps or negative rates (0.277471ms)
✔ partial advancing reports and discarded track histories remain unmeasured (0.24174ms)
✔ actual locked SDK audio raw-report boundary retains RTP counters and stream identity (34.787537ms)
✔ actual production pending diagnostic read cannot resurrect removed or disconnected tracks (1.932205ms)
✔ observed idle counters warn for expected flow; intentional pause does not warn (0.15868ms)
✔ receiver sample derives actual interval bitrate, loss, fps, jitter and selected ICE RTT (0.960733ms)
✔ fixed delay yields an explicit network warning; high loss and jitter become poor (0.210671ms)
✔ counter reset or absent receiver stats cannot fabricate healthy throughput (0.11644ms)
✔ cumulative packets and healthy RTT cannot hide a stalled expected receiver (0.107551ms)
✔ interval decoded frames override a stale instantaneous browser fps report (0.07184ms)
ℹ tests 11
ℹ suites 0
ℹ pass 11
ℹ fail 0
ℹ cancelled 0
ℹ skipped 0
ℹ todo 0
ℹ duration_ms 203.086573
{"oldRoom":"live_cWFn-si3sqKTrqTU1GhoR0qgIFIBD3pi","newRoom":"live_4QaOo3QQz4P2OQzwQ-9dp4IhEohzlzrR","generation":2,"oldTokenRejected":"HTTP 401 /media/rtc/v1/validate","refreshedTokenRejected":"HTTP 401 /media/rtc/v1/validate","remainingRejoined":true,"repeatedLeave":204,"signedWebhooks":2,"workSurvived":"0f1c483a-d05f-4838-abaa-4932ee95cc5e"}
✔ Flux revocation retires the real SFU room, rejects original and refreshed grants, and rejoins a remaining member (1275.595466ms)
{"room":"live_0IQw4feqQk8zhRT3IlJkCIVRZzK7Gl5K","directSfu":"ECONNREFUSED","receiverSawLeaveMs":814,"senderDisconnectedMs":815,"signedOutReconnectSockets":1,"replayedPaths":["/media/rtc/v1","/media/rtc/v1","/media/rtc/v1"],"originalRefused":"HTTP 401 /media/rtc/v1/validate","refreshedRefused":"HTTP 401 /media/rtc/v1/validate","otherSessionAndPersonConnected":true,"sameRoomSessionConnected":true,"leaveEndedOnlyThisDevice":true,"burst":"200,200,200,200,200,200,200,200,200,200,200,200,200,200,200,200,200,200,200,200,429","retryAfter":"60","workSurvived":"1c7412bf-1046-4232-b03e-2b1d32ffa755"}
✔ sign-out ends the signed-out session media, refuses its grants at the gate and leaves others connected (8573.241775ms)
ℹ tests 2
ℹ suites 0
ℹ pass 2
ℹ fail 0
ℹ cancelled 0
ℹ skipped 0
ℹ todo 0
ℹ duration_ms 11014.420142
{"profile":"four-person-two-synthetic-screens-local-TURN-TLS","phaseStartUtc":"2026-09-30T11:10:16.689Z","phaseEndUtc":"2026-09-30T11:10:29.497Z","durationMs":12808,"sampleCount":7,"cpuMeanPercent":3.5,"cpuPeakPercent":5.22,"memoryPeakMiB":73.4,"networkReceiveBytes":4957000,"networkTransmitBytes":2854000}
Chain OUTPUT (policy ACCEPT 13574 packets, 7035K bytes)
 pkts bytes target     prot opt in     out     source               destination         
  108  6848 ACCEPT     17   --  *      *       0.0.0.0/0            127.0.0.11          
  108  8729 ACCEPT     17   --  *      *       127.0.0.11           0.0.0.0/0           
  850  103K REJECT     17   --  *      *       0.0.0.0/0            0.0.0.0/0            udp dpt:!53 reject-with icmp-port-unreachable
   11   660 REJECT     6    --  *      *       0.0.0.0/0            0.0.0.0/0            tcp dpt:7881 reject-with icmp-port-unreachable
Chain OUTPUT (policy ACCEPT 13574 packets, 7035K bytes)
 pkts bytes target     prot opt in     out     source               destination         
  108  6848 ACCEPT     17   --  *      *       0.0.0.0/0            127.0.0.11          
  108  8729 ACCEPT     17   --  *      *       127.0.0.11           0.0.0.0/0           
  850  103K REJECT     17   --  *      *       0.0.0.0/0            0.0.0.0/0            udp dpt:!53 reject-with icmp-port-unreachable
   11   660 REJECT     6    --  *      *       0.0.0.0/0            0.0.0.0/0            tcp dpt:7881 reject-with icmp-port-unreachable
SFU resource samples: /tmp/flux63-legacy-bc02/livekit-container-stats.jsonl
 Container flux-live-turn-1790766575-848624-api-1 Stopping 
 Container flux-live-turn-1790766575-848624-api-1 Stopped 
 Container flux-live-turn-1790766575-848624-api-1 Removing 
 Container flux-live-turn-1790766575-848624-api-1 Removed 
 Container flux-live-turn-1790766575-848624-migrate-1 Stopping 
 Container flux-live-turn-1790766575-848624-livekit-1 Stopping 
 Container flux-live-turn-1790766575-848624-migrate-1 Stopped 
 Container flux-live-turn-1790766575-848624-migrate-1 Removing 
 Container flux-live-turn-1790766575-848624-migrate-1 Removed 
 Container flux-live-turn-1790766575-848624-db-1 Stopping 
 Container flux-live-turn-1790766575-848624-db-1 Stopped 
 Container flux-live-turn-1790766575-848624-db-1 Removing 
 Container flux-live-turn-1790766575-848624-db-1 Removed 
 Container flux-live-turn-1790766575-848624-livekit-1 Stopped 
 Container flux-live-turn-1790766575-848624-livekit-1 Removing 
 Container flux-live-turn-1790766575-848624-livekit-1 Removed 
 Volume flux-live-turn-1790766575-848624_pgdata Removing 
 Volume flux-live-turn-1790766575-848624_files Removing 
 Network flux-live-turn-1790766575-848624_livekit-media Removing 
 Network flux-live-turn-1790766575-848624_default Removing 
 Network flux-live-turn-1790766575-848624_livekit-signal Removing 
 Volume flux-live-turn-1790766575-848624_pgdata Removed 
 Volume flux-live-turn-1790766575-848624_files Removed 
 Network flux-live-turn-1790766575-848624_livekit-media Removed 
 Network flux-live-turn-1790766575-848624_default Removed 
 Network flux-live-turn-1790766575-848624_livekit-signal Removed 
