{
  "observedOriginalPixels": [
    {
      "prefix": "code_2-viewer-2-code-1",
      "suffix": "decoded-natural",
      "width": 2560,
      "height": 1440,
      "boxes": [
        {
          "label": "title",
          "inkLeft": 513,
          "inkRight": 981,
          "inkWidth": 469
        },
        {
          "label": "first 14px code row",
          "inkLeft": 65,
          "inkRight": 547,
          "inkWidth": 483
        },
        {
          "label": "first 16px terminal row",
          "inkLeft": 1345,
          "inkRight": 1801,
          "inkWidth": 457
        }
      ],
      "backgroundRgb": [
        15,
        25,
        37
      ]
    },
    {
      "prefix": "code_2-viewer-2-code-1",
      "suffix": "source-natural",
      "width": 2560,
      "height": 1440,
      "boxes": [
        {
          "label": "title",
          "inkLeft": 513,
          "inkRight": 981,
          "inkWidth": 469
        },
        {
          "label": "first 14px code row",
          "inkLeft": 65,
          "inkRight": 547,
          "inkWidth": 483
        },
        {
          "label": "first 16px terminal row",
          "inkLeft": 1345,
          "inkRight": 1801,
          "inkWidth": 457
        }
      ],
      "backgroundRgb": [
        16,
        24,
        39
      ]
    },
    {
      "prefix": "code_4-viewer-2-code-1",
      "suffix": "decoded-natural",
      "width": 2560,
      "height": 1440,
      "boxes": [
        {
          "label": "title",
          "inkLeft": 513,
          "inkRight": 981,
          "inkWidth": 469
        },
        {
          "label": "first 14px code row",
          "inkLeft": 65,
          "inkRight": 530,
          "inkWidth": 466
        },
        {
          "label": "first 16px terminal row",
          "inkLeft": 1345,
          "inkRight": 1794,
          "inkWidth": 450
        }
      ],
      "backgroundRgb": [
        15,
        25,
        37
      ]
    },
    {
      "prefix": "code_4-viewer-2-code-1",
      "suffix": "source-natural",
      "width": 2560,
      "height": 1440,
      "boxes": [
        {
          "label": "title",
          "inkLeft": 513,
          "inkRight": 981,
          "inkWidth": 469
        },
        {
          "label": "first 14px code row",
          "inkLeft": 65,
          "inkRight": 530,
          "inkWidth": 466
        },
        {
          "label": "first 16px terminal row",
          "inkLeft": 1345,
          "inkRight": 1794,
          "inkWidth": 450
        }
      ],
      "backgroundRgb": [
        16,
        24,
        39
      ]
    },
    {
      "prefix": "code_4-viewer-2-code-2",
      "suffix": "decoded-natural",
      "width": 2560,
      "height": 1440,
      "boxes": [
        {
          "label": "title",
          "inkLeft": 513,
          "inkRight": 981,
          "inkWidth": 469
        },
        {
          "label": "first 14px code row",
          "inkLeft": 65,
          "inkRight": 530,
          "inkWidth": 466
        },
        {
          "label": "first 16px terminal row",
          "inkLeft": 1345,
          "inkRight": 1793,
          "inkWidth": 449
        }
      ],
      "backgroundRgb": [
        0,
        9,
        24
      ]
    },
    {
      "prefix": "code_4-viewer-2-code-2",
      "suffix": "source-natural",
      "width": 2560,
      "height": 1440,
      "boxes": [
        {
          "label": "title",
          "inkLeft": 513,
          "inkRight": 981,
          "inkWidth": 469
        },
        {
          "label": "first 14px code row",
          "inkLeft": 65,
          "inkRight": 530,
          "inkWidth": 466
        },
        {
          "label": "first 16px terminal row",
          "inkLeft": 1345,
          "inkRight": 1793,
          "inkWidth": 449
        }
      ],
      "backgroundRgb": [
        16,
        24,
        39
      ]
    },
    {
      "prefix": "code_4-viewer-4-code-1",
      "suffix": "decoded-natural",
      "width": 2560,
      "height": 1440,
      "boxes": [
        {
          "label": "title",
          "inkLeft": 513,
          "inkRight": 981,
          "inkWidth": 469
        },
        {
          "label": "first 14px code row",
          "inkLeft": 65,
          "inkRight": 530,
          "inkWidth": 466
        },
        {
          "label": "first 16px terminal row",
          "inkLeft": 1345,
          "inkRight": 1794,
          "inkWidth": 450
        }
      ],
      "backgroundRgb": [
        15,
        25,
        37
      ]
    },
    {
      "prefix": "code_4-viewer-4-code-1",
      "suffix": "source-natural",
      "width": 2560,
      "height": 1440,
      "boxes": [
        {
          "label": "title",
          "inkLeft": 513,
          "inkRight": 981,
          "inkWidth": 469
        },
        {
          "label": "first 14px code row",
          "inkLeft": 65,
          "inkRight": 530,
          "inkWidth": 466
        },
        {
          "label": "first 16px terminal row",
          "inkLeft": 1345,
          "inkRight": 1794,
          "inkWidth": 450
        }
      ],
      "backgroundRgb": [
        16,
        24,
        39
      ]
    },
    {
      "prefix": "code_4-viewer-4-code-2",
      "suffix": "decoded-natural",
      "width": 2560,
      "height": 1440,
      "boxes": [
        {
          "label": "title",
          "inkLeft": 513,
          "inkRight": 981,
          "inkWidth": 469
        },
        {
          "label": "first 14px code row",
          "inkLeft": 65,
          "inkRight": 530,
          "inkWidth": 466
        },
        {
          "label": "first 16px terminal row",
          "inkLeft": 1345,
          "inkRight": 1793,
          "inkWidth": 449
        }
      ],
      "backgroundRgb": [
        0,
        9,
        24
      ]
    },
    {
      "prefix": "code_4-viewer-4-code-2",
      "suffix": "source-natural",
      "width": 2560,
      "height": 1440,
      "boxes": [
        {
          "label": "title",
          "inkLeft": 513,
          "inkRight": 981,
          "inkWidth": 469
        },
        {
          "label": "first 14px code row",
          "inkLeft": 65,
          "inkRight": 530,
          "inkWidth": 466
        },
        {
          "label": "first 16px terminal row",
          "inkLeft": 1345,
          "inkRight": 1793,
          "inkWidth": 449
        }
      ],
      "backgroundRgb": [
        16,
        24,
        39
      ]
    }
  ],
  "limitation": "Ink extents establish raster/reference difference only; no transport/codec cause or readability threshold is inferred."
}
